Stm32_F103C6_USART_driver.c:43:6:MCAL_UART_Init	24	static
Stm32_F103C6_USART_driver.c:129:6:MCAL_UART_DeInit	16	static
Stm32_F103C6_USART_driver.c:164:6:MCAL_UART_SendData	24	static
Stm32_F103C6_USART_driver.c:188:6:MCAL_UART_ReceiveData	24	static
Stm32_F103C6_USART_driver.c:227:6:MCAL_UART_WAIT_TC	16	static
Stm32_F103C6_USART_driver.c:233:6:MCAL_UART_GPIO_Set_Pins	24	static
Stm32_F103C6_USART_driver.c:369:6:USART1_IRQHandler	8	static
Stm32_F103C6_USART_driver.c:374:6:USART2_IRQHandler	8	static
Stm32_F103C6_USART_driver.c:380:6:USART3_IRQHandler	8	static
